// 同步 ID: 5cac3129 @ Sun Jul 26 14:29:18 UTC 2026
// 同步 ID: 7db4e063 @ Sun Jul 26 16:03:32 UTC 2026
// 重构日志: ad93a572
// 同步 ID: c363f3b1 @ Mon Jul 27 13:43:48 UTC 2026
// 重构日志: 6d131c1c
// 重构日志: bf28d29b
// 同步 ID: 938dcb70 @ Tue Jul 28 15:08:51 UTC 2026
// 重构日志: 61832aec
// 同步 ID: f8caf707 @ Wed Jul 29 16:01:38 UTC 2026
// 同步 ID: 069982c6 @ Wed Jul 29 18:51:37 UTC 2026
// 同步 ID: 615e1af3 @ Thu Jul 30 04:08:39 UTC 2026
// 重构日志: ca84474e
// 重构日志: 6a76a0cd
// 同步 ID: 31036466 @ Fri Jul 31 08:42:34 UTC 2026
// 重构日志: 3311c53c
// 重构日志: 48f6c778
// 重构日志: e6fc59e2
// 重构日志: 7bf407d9
// 重构日志: e8dec781
// 重构日志: f67b954a
// 重构日志: 7e4fb01a
// 重构日志: 880fd33f
// 重构日志: 84e59e28
// 重构日志: 19a680a8
// 重构日志: 71f87695
// 同步 ID: d11f952c @ Thu Aug  6 13:35:31 UTC 2026
// 重构日志: 30dabc06
// 重构日志: 3c44161b
// 重构日志: 1780638a
// 同步 ID: 801ff7a7 @ Sat Aug  8 05:53:12 UTC 2026
